\BOOKMARK [0][-]{chapter*.1}{\376\377\000Z\000u\000s\000a\000m\000m\000e\000n\000f\000a\000s\000s\000u\000n\000g}{}% 1
\BOOKMARK [0][-]{chapter*.1}{\376\377\000P\000e\000r\000s\000\366\000n\000l\000i\000c\000h\000e\000\040\000E\000r\000k\000l\000\344\000r\000u\000n\000g}{}% 2
\BOOKMARK [0][-]{section*.5}{\376\377\000A\000b\000k\000\374\000r\000z\000u\000n\000g\000s\000v\000e\000r\000z\000e\000i\000c\000h\000n\000i\000s}{}% 3
\BOOKMARK [0][-]{section*.7}{\376\377\000G\000l\000o\000s\000s\000a\000r}{}% 4
\BOOKMARK [0][-]{chapter.1}{\376\377\000E\000i\000n\000l\000e\000i\000t\000u\000n\000g}{}% 5
\BOOKMARK [1][-]{section.1.1}{\376\377\000P\000r\000o\000j\000e\000k\000t\000u\000m\000f\000e\000l\000d}{chapter.1}% 6
\BOOKMARK [2][-]{subsection.1.1.1}{\376\377\000U\000n\000t\000e\000r\000n\000e\000h\000m\000e\000n}{section.1.1}% 7
\BOOKMARK [2][-]{subsection.1.1.2}{\376\377\000A\000b\000t\000e\000i\000l\000u\000n\000g}{section.1.1}% 8
\BOOKMARK [1][-]{section.1.2}{\376\377\000I\000s\000t\000-\000A\000n\000a\000l\000y\000s\000e}{chapter.1}% 9
\BOOKMARK [2][-]{subsection.1.2.1}{\376\377\000P\000r\000o\000b\000l\000e\000m\000e\000\040\000d\000e\000s\000\040\000a\000k\000t\000u\000e\000l\000l\000e\000n\000\040\000P\000r\000o\000z\000e\000s\000s\000e\000s}{section.1.2}% 10
\BOOKMARK [2][-]{subsection.1.2.2}{\376\377\000W\000i\000r\000t\000s\000c\000h\000a\000f\000t\000l\000i\000c\000h\000e\000\040\000A\000u\000s\000w\000i\000r\000k\000u\000n\000g\000e\000n}{section.1.2}% 11
\BOOKMARK [1][-]{section.1.3}{\376\377\000Z\000i\000e\000l\000s\000e\000t\000z\000u\000n\000g}{chapter.1}% 12
\BOOKMARK [2][-]{subsection.1.3.1}{\376\377\000F\000u\000n\000k\000t\000i\000o\000n\000a\000l\000e\000\040\000A\000n\000f\000o\000r\000d\000e\000r\000u\000n\000g\000e\000n}{section.1.3}% 13
\BOOKMARK [2][-]{subsection.1.3.2}{\376\377\000N\000i\000c\000h\000t\000-\000f\000u\000n\000k\000t\000i\000o\000n\000a\000l\000e\000\040\000A\000n\000f\000o\000r\000d\000e\000r\000u\000n\000g\000e\000n}{section.1.3}% 14
\BOOKMARK [2][-]{subsection.1.3.3}{\376\377\000U\000s\000e\000-\000C\000a\000s\000e\000-\000\334\000b\000e\000r\000s\000i\000c\000h\000t}{section.1.3}% 15
\BOOKMARK [1][-]{section.1.4}{\376\377\000P\000r\000o\000j\000e\000k\000t\000n\000u\000t\000z\000e\000n}{chapter.1}% 16
\BOOKMARK [1][-]{section.1.5}{\376\377\000P\000r\000o\000j\000e\000k\000t\000a\000b\000g\000r\000e\000n\000z\000u\000n\000g}{chapter.1}% 17
\BOOKMARK [0][-]{chapter.2}{\376\377\000P\000r\000o\000j\000e\000k\000t\000p\000l\000a\000n\000u\000n\000g}{}% 18
\BOOKMARK [1][-]{section.2.1}{\376\377\000P\000r\000o\000j\000e\000k\000t\000p\000h\000a\000s\000e\000n\000m\000o\000d\000e\000l\000l}{chapter.2}% 19
\BOOKMARK [2][-]{subsection.2.1.1}{\376\377\000P\000h\000a\000s\000e\000n\000\374\000b\000e\000r\000s\000i\000c\000h\000t}{section.2.1}% 20
\BOOKMARK [1][-]{section.2.2}{\376\377\000M\000V\000P\000-\000D\000e\000f\000i\000n\000i\000t\000i\000o\000n\000\040\000u\000n\000d\000\040\000P\000r\000i\000o\000r\000i\000s\000i\000e\000r\000u\000n\000g}{chapter.2}% 21
\BOOKMARK [2][-]{subsection.2.2.1}{\376\377\000M\000V\000P\000-\000K\000e\000r\000n\000f\000u\000n\000k\000t\000i\000o\000n\000e\000n}{section.2.2}% 22
\BOOKMARK [2][-]{subsection.2.2.2}{\376\377\000A\000b\000g\000r\000e\000n\000z\000u\000n\000g\000:\000\040\000N\000i\000c\000h\000t\000\040\000i\000m\000\040\000M\000V\000P\000\040\000e\000n\000t\000h\000a\000l\000t\000e\000n}{section.2.2}% 23
\BOOKMARK [2][-]{subsection.2.2.3}{\376\377\000G\000a\000n\000t\000t\000-\000D\000i\000a\000g\000r\000a\000m\000m}{section.2.2}% 24
\BOOKMARK [1][-]{section.2.3}{\376\377\000R\000e\000s\000s\000o\000u\000r\000c\000e\000n\000p\000l\000a\000n\000u\000n\000g}{chapter.2}% 25
\BOOKMARK [1][-]{section.2.4}{\376\377\000W\000i\000r\000t\000s\000c\000h\000a\000f\000t\000l\000i\000c\000h\000k\000e\000i\000t\000s\000b\000e\000t\000r\000a\000c\000h\000t\000u\000n\000g}{chapter.2}% 26
\BOOKMARK [2][-]{subsection.2.4.1}{\376\377\000K\000o\000s\000t\000e\000n\000p\000l\000a\000n\000u\000n\000g}{section.2.4}% 27
\BOOKMARK [2][-]{subsection.2.4.2}{\376\377\000M\000a\000k\000e\000-\000o\000r\000-\000B\000u\000y\000-\000E\000n\000t\000s\000c\000h\000e\000i\000d\000u\000n\000g}{section.2.4}% 28
\BOOKMARK [2][-]{subsection.2.4.3}{\376\377\000N\000u\000t\000z\000e\000n\000a\000n\000a\000l\000y\000s\000e}{section.2.4}% 29
\BOOKMARK [2][-]{subsection.2.4.4}{\376\377\000A\000m\000o\000r\000t\000i\000s\000a\000t\000i\000o\000n\000s\000r\000e\000c\000h\000n\000u\000n\000g}{section.2.4}% 30
\BOOKMARK [0][-]{chapter.3}{\376\377\000P\000r\000o\000j\000e\000k\000t\000d\000u\000r\000c\000h\000f\000\374\000h\000r\000u\000n\000g}{}% 31
\BOOKMARK [1][-]{section.3.1}{\376\377\000E\000n\000t\000w\000i\000c\000k\000l\000u\000n\000g\000s\000u\000m\000g\000e\000b\000u\000n\000g}{chapter.3}% 32
\BOOKMARK [1][-]{section.3.2}{\376\377\000D\000a\000t\000e\000n\000b\000a\000n\000k\000d\000e\000s\000i\000g\000n\000\040\000u\000n\000d\000\040\000-\000i\000m\000p\000l\000e\000m\000e\000n\000t\000i\000e\000r\000u\000n\000g}{chapter.3}% 33
\BOOKMARK [2][-]{subsection.3.2.1}{\376\377\000D\000a\000t\000e\000n\000m\000o\000d\000e\000l\000l}{section.3.2}% 34
\BOOKMARK [2][-]{subsection.3.2.2}{\376\377\000D\000a\000t\000e\000n\000b\000a\000n\000k\000-\000M\000i\000g\000r\000a\000t\000i\000o\000n\000\040\000m\000i\000t\000\040\000F\000l\000y\000w\000a\000y}{section.3.2}% 35
\BOOKMARK [1][-]{section.3.3}{\376\377\000B\000a\000c\000k\000e\000n\000d\000-\000I\000m\000p\000l\000e\000m\000e\000n\000t\000i\000e\000r\000u\000n\000g}{chapter.3}% 36
\BOOKMARK [2][-]{subsection.3.3.1}{\376\377\000A\000r\000c\000h\000i\000t\000e\000k\000t\000u\000r}{section.3.3}% 37
\BOOKMARK [2][-]{subsection.3.3.2}{\376\377\000S\000c\000h\000i\000c\000h\000t\000e\000n\000a\000u\000f\000t\000e\000i\000l\000u\000n\000g}{section.3.3}% 38
\BOOKMARK [2][-]{subsection.3.3.3}{\376\377\000Z\000e\000n\000t\000r\000a\000l\000e\000\040\000A\000P\000I\000-\000E\000n\000d\000p\000u\000n\000k\000t\000e}{section.3.3}% 39
\BOOKMARK [2][-]{subsection.3.3.4}{\376\377\000A\000u\000t\000h\000e\000n\000t\000i\000f\000i\000z\000i\000e\000r\000u\000n\000g\000\040\000u\000n\000d\000\040\000A\000u\000t\000o\000r\000i\000s\000i\000e\000r\000u\000n\000g}{section.3.3}% 40
\BOOKMARK [1][-]{section.3.4}{\376\377\000F\000r\000o\000n\000t\000e\000n\000d\000-\000I\000m\000p\000l\000e\000m\000e\000n\000t\000i\000e\000r\000u\000n\000g}{chapter.3}% 41
\BOOKMARK [2][-]{subsection.3.4.1}{\376\377\000T\000e\000c\000h\000n\000o\000l\000o\000g\000i\000e\000-\000S\000t\000a\000c\000k\000\040\000u\000n\000d\000\040\000S\000t\000a\000t\000e\000\040\000M\000a\000n\000a\000g\000e\000m\000e\000n\000t}{section.3.4}% 42
\BOOKMARK [2][-]{subsection.3.4.2}{\376\377\000K\000o\000m\000p\000o\000n\000e\000n\000t\000e\000n\000s\000t\000r\000u\000k\000t\000u\000r}{section.3.4}% 43
\BOOKMARK [2][-]{subsection.3.4.3}{\376\377\000K\000e\000r\000n\000f\000u\000n\000k\000t\000i\000o\000n\000e\000n}{section.3.4}% 44
\BOOKMARK [2][-]{subsection.3.4.4}{\376\377\000S\000t\000a\000t\000e\000\040\000M\000a\000n\000a\000g\000e\000m\000e\000n\000t}{section.3.4}% 45
\BOOKMARK [1][-]{section.3.5}{\376\377\000S\000y\000s\000t\000e\000m\000i\000n\000t\000e\000g\000r\000a\000t\000i\000o\000n}{chapter.3}% 46
\BOOKMARK [2][-]{subsection.3.5.1}{\376\377\000K\000e\000y\000c\000l\000o\000a\000k\000-\000A\000n\000b\000i\000n\000d\000u\000n\000g\000\040\000u\000n\000d\000\040\000U\000s\000e\000r\000-\000S\000y\000n\000c\000h\000r\000o\000n\000i\000s\000a\000t\000i\000o\000n}{section.3.5}% 47
\BOOKMARK [2][-]{subsection.3.5.2}{\376\377\000R\000o\000l\000l\000e\000n\000a\000n\000f\000r\000a\000g\000e\000-\000W\000o\000r\000k\000f\000l\000o\000w\000\040\000\050\000S\000e\000l\000f\000-\000S\000e\000r\000v\000i\000c\000e\000\051}{section.3.5}% 48
\BOOKMARK [1][-]{section.3.6}{\376\377\000K\000u\000b\000e\000r\000n\000e\000t\000e\000s\000-\000D\000e\000p\000l\000o\000y\000m\000e\000n\000t}{chapter.3}% 49
\BOOKMARK [1][-]{section.3.7}{\376\377\000C\000I\000/\000C\000D\000-\000P\000i\000p\000e\000l\000i\000n\000e}{chapter.3}% 50
\BOOKMARK [1][-]{section.3.8}{\376\377\000Q\000u\000a\000l\000i\000t\000\344\000t\000s\000s\000i\000c\000h\000e\000r\000u\000n\000g}{chapter.3}% 51
\BOOKMARK [0][-]{chapter.4}{\376\377\000P\000r\000o\000j\000e\000k\000t\000e\000r\000g\000e\000b\000n\000i\000s\000s\000e}{}% 52
\BOOKMARK [1][-]{section.4.1}{\376\377\000F\000u\000n\000k\000t\000i\000o\000n\000a\000l\000e\000\040\000S\000y\000s\000t\000e\000m\000v\000a\000l\000i\000d\000i\000e\000r\000u\000n\000g}{chapter.4}% 53
\BOOKMARK [2][-]{subsection.4.1.1}{\376\377\000T\000e\000s\000t\000a\000b\000d\000e\000c\000k\000u\000n\000g}{section.4.1}% 54
\BOOKMARK [2][-]{subsection.4.1.2}{\376\377\000C\000o\000d\000e\000-\000Q\000u\000a\000l\000i\000t\000\344\000t\000s\000m\000e\000t\000r\000i\000k\000e\000n}{section.4.1}% 55
\BOOKMARK [2][-]{subsection.4.1.3}{\376\377\000P\000e\000r\000f\000o\000r\000m\000a\000n\000c\000e\000-\000E\000r\000g\000e\000b\000n\000i\000s\000s\000e}{section.4.1}% 56
\BOOKMARK [1][-]{section.4.2}{\376\377\000S\000o\000l\000l\000-\000I\000s\000t\000-\000V\000e\000r\000g\000l\000e\000i\000c\000h}{chapter.4}% 57
\BOOKMARK [2][-]{subsection.4.2.1}{\376\377\000Z\000e\000i\000t\000l\000i\000c\000h\000e\000\040\000Z\000i\000e\000l\000e\000r\000r\000e\000i\000c\000h\000u\000n\000g}{section.4.2}% 58
\BOOKMARK [2][-]{subsection.4.2.2}{\376\377\000F\000u\000n\000k\000t\000i\000o\000n\000a\000l\000e\000\040\000Z\000i\000e\000l\000e\000r\000r\000e\000i\000c\000h\000u\000n\000g}{section.4.2}% 59
\BOOKMARK [2][-]{subsection.4.2.3}{\376\377\000W\000i\000r\000t\000s\000c\000h\000a\000f\000t\000l\000i\000c\000h\000e\000\040\000Z\000i\000e\000l\000e\000r\000r\000e\000i\000c\000h\000u\000n\000g}{section.4.2}% 60
\BOOKMARK [1][-]{section.4.3}{\376\377\000S\000y\000s\000t\000e\000m\000d\000e\000m\000o\000n\000s\000t\000r\000a\000t\000i\000o\000n}{chapter.4}% 61
\BOOKMARK [1][-]{section.4.4}{\376\377\000A\000b\000w\000e\000i\000c\000h\000u\000n\000g\000e\000n\000\040\000u\000n\000d\000\040\000A\000n\000p\000a\000s\000s\000u\000n\000g\000e\000n}{chapter.4}% 62
\BOOKMARK [0][-]{chapter.5}{\376\377\000F\000a\000z\000i\000t}{}% 63
\BOOKMARK [1][-]{section.5.1}{\376\377\000P\000r\000o\000j\000e\000k\000t\000z\000u\000s\000a\000m\000m\000e\000n\000f\000a\000s\000s\000u\000n\000g}{chapter.5}% 64
\BOOKMARK [2][-]{subsection.5.1.1}{\376\377\000Z\000e\000n\000t\000r\000a\000l\000e\000\040\000E\000r\000g\000e\000b\000n\000i\000s\000s\000e}{section.5.1}% 65
\BOOKMARK [1][-]{section.5.2}{\376\377\000Z\000i\000e\000l\000e\000r\000r\000e\000i\000c\000h\000u\000n\000g}{chapter.5}% 66
\BOOKMARK [2][-]{subsection.5.2.1}{\376\377\000W\000i\000r\000t\000s\000c\000h\000a\000f\000t\000l\000i\000c\000h\000e\000\040\000Z\000i\000e\000l\000e}{section.5.2}% 67
\BOOKMARK [2][-]{subsection.5.2.2}{\376\377\000Q\000u\000a\000l\000i\000t\000\344\000t\000s\000z\000i\000e\000l\000e}{section.5.2}% 68
\BOOKMARK [1][-]{section.5.3}{\376\377\000R\000e\000f\000l\000e\000x\000i\000o\000n\000\040\000u\000n\000d\000\040\000L\000e\000r\000n\000e\000r\000f\000a\000h\000r\000u\000n\000g\000e\000n}{chapter.5}% 69
\BOOKMARK [1][-]{section.5.4}{\376\377\000A\000u\000s\000b\000l\000i\000c\000k\000\040\000u\000n\000d\000\040\000W\000e\000i\000t\000e\000r\000e\000n\000t\000w\000i\000c\000k\000l\000u\000n\000g}{chapter.5}% 70
\BOOKMARK [1][-]{section.5.5}{\376\377\000S\000c\000h\000l\000u\000s\000s\000w\000o\000r\000t}{chapter.5}% 71
\BOOKMARK [0][-]{appendix.A}{\376\377\000A\000n\000h\000a\000n\000g}{}% 72
\BOOKMARK [1][-]{section.A.1}{\376\377\000P\000r\000o\000j\000e\000k\000t\000p\000l\000a\000n\000u\000n\000g\000\040\000\046\000\040\000W\000i\000r\000t\000s\000c\000h\000a\000f\000t\000l\000i\000c\000h\000k\000e\000i\000t}{appendix.A}% 73
\BOOKMARK [2][-]{subsection.A.1.1}{\376\377\000D\000e\000t\000a\000i\000l\000l\000i\000e\000r\000t\000e\000\040\000Z\000e\000i\000t\000p\000l\000a\000n\000u\000n\000g}{section.A.1}% 74
\BOOKMARK [2][-]{subsection.A.1.2}{\376\377\000T\000e\000c\000h\000n\000o\000l\000o\000g\000i\000e\000-\000S\000t\000a\000c\000k}{section.A.1}% 75
\BOOKMARK [2][-]{subsection.A.1.3}{\376\377\000W\000i\000r\000t\000s\000c\000h\000a\000f\000t\000l\000i\000c\000h\000k\000e\000i\000t\000s\000b\000e\000r\000e\000c\000h\000n\000u\000n\000g\000\040\000D\000e\000t\000a\000i\000l\000s}{section.A.1}% 76
\BOOKMARK [3][-]{subsubsection.A.1.3.1}{\376\377\000I\000S\000T\000-\000P\000r\000o\000z\000e\000s\000s\000\040\000\050\000m\000a\000n\000u\000e\000l\000l\000\051}{subsection.A.1.3}% 77
\BOOKMARK [3][-]{subsubsection.A.1.3.2}{\376\377\000S\000O\000L\000L\000-\000P\000r\000o\000z\000e\000s\000s\000\040\000\050\000a\000u\000t\000o\000m\000a\000t\000i\000s\000i\000e\000r\000t\000\051}{subsection.A.1.3}% 78
\BOOKMARK [2][-]{subsection.A.1.4}{\376\377\000M\000a\000k\000e\000-\000o\000r\000-\000B\000u\000y\000-\000V\000e\000r\000g\000l\000e\000i\000c\000h}{section.A.1}% 79
\BOOKMARK [1][-]{section.A.2}{\376\377\000A\000r\000c\000h\000i\000t\000e\000k\000t\000u\000r\000\040\000\046\000\040\000I\000m\000p\000l\000e\000m\000e\000n\000t\000i\000e\000r\000u\000n\000g}{appendix.A}% 80
\BOOKMARK [2][-]{subsection.A.2.1}{\376\377\000R\000e\000p\000o\000s\000i\000t\000o\000r\000y\000-\000S\000t\000r\000u\000k\000t\000u\000r}{section.A.2}% 81
\BOOKMARK [2][-]{subsection.A.2.2}{\376\377\000C\000o\000d\000e\000-\000B\000e\000i\000s\000p\000i\000e\000l\000e}{section.A.2}% 82
\BOOKMARK [3][-]{subsubsection.A.2.2.1}{\376\377\000B\000a\000c\000k\000e\000n\000d\000:\000\040\000E\000m\000p\000l\000o\000y\000e\000e\000\040\000D\000i\000s\000c\000o\000v\000e\000r\000y\000\040\000R\000e\000q\000u\000e\000s\000t\000\040\000F\000l\000o\000w}{subsection.A.2.2}% 83
\BOOKMARK [3][-]{subsubsection.A.2.2.2}{\376\377\000F\000r\000o\000n\000t\000e\000n\000d\000:\000\040\000P\000r\000o\000j\000e\000k\000t\000d\000e\000t\000a\000i\000l\000-\000F\000e\000a\000t\000u\000r\000e}{subsection.A.2.2}% 84
\BOOKMARK [3][-]{subsubsection.A.2.2.3}{\376\377\000R\000e\000d\000u\000x\000\040\000T\000o\000o\000l\000k\000i\000t\000\040\000Q\000u\000e\000r\000y\000\040\000A\000P\000I\000\040\000S\000l\000i\000c\000e}{subsection.A.2.2}% 85
\BOOKMARK [3][-]{subsubsection.A.2.2.4}{\376\377\000W\000e\000b\000h\000o\000o\000k\000-\000b\000a\000s\000i\000e\000r\000t\000e\000\040\000U\000s\000e\000r\000-\000S\000y\000n\000c\000h\000r\000o\000n\000i\000s\000a\000t\000i\000o\000n}{subsection.A.2.2}% 86
\BOOKMARK [3][-]{subsubsection.A.2.2.5}{\376\377\000R\000o\000l\000l\000e\000n\000b\000a\000s\000i\000e\000r\000t\000e\000\040\000A\000u\000t\000o\000r\000i\000s\000i\000e\000r\000u\000n\000g}{subsection.A.2.2}% 87
\BOOKMARK [1][-]{section.A.3}{\376\377\000D\000i\000a\000g\000r\000a\000m\000m\000e}{appendix.A}% 88
\BOOKMARK [2][-]{subsection.A.3.1}{\376\377\000S\000e\000q\000u\000e\000n\000z\000d\000i\000a\000g\000r\000a\000m\000m\000e}{section.A.3}% 89
\BOOKMARK [3][-]{subsubsection.A.3.1.1}{\376\377\000O\000A\000u\000t\000h\0002\000\040\000A\000u\000t\000h\000e\000n\000t\000i\000f\000i\000z\000i\000e\000r\000u\000n\000g\000\040\000u\000n\000d\000\040\000A\000u\000t\000o\000r\000i\000s\000i\000e\000r\000u\000n\000g}{subsection.A.3.1}% 90
\BOOKMARK [3][-]{subsubsection.A.3.1.2}{\376\377\000M\000i\000t\000a\000r\000b\000e\000i\000t\000e\000r\000s\000u\000c\000h\000e\000\040\000m\000i\000t\000\040\000d\000y\000n\000a\000m\000i\000s\000c\000h\000e\000r\000\040\000F\000i\000l\000t\000e\000r\000u\000n\000g}{subsection.A.3.1}% 91
\BOOKMARK [3][-]{subsubsection.A.3.1.3}{\376\377\000S\000k\000i\000l\000l\000-\000V\000e\000r\000w\000a\000l\000t\000u\000n\000g\000\040\000\050\000C\000R\000U\000D\000-\000O\000p\000e\000r\000a\000t\000i\000o\000n\000e\000n\000\051}{subsection.A.3.1}% 92
\BOOKMARK [2][-]{subsection.A.3.2}{\376\377\000A\000k\000t\000i\000v\000i\000t\000\344\000t\000s\000d\000i\000a\000g\000r\000a\000m\000m\000e}{section.A.3}% 93
\BOOKMARK [3][-]{subsubsection.A.3.2.1}{\376\377\000P\000r\000o\000j\000e\000k\000t\000e\000r\000s\000t\000e\000l\000l\000u\000n\000g\000\040\000m\000i\000t\000\040\000M\000i\000t\000a\000r\000b\000e\000i\000t\000e\000r\000a\000u\000s\000w\000a\000h\000l}{subsection.A.3.2}% 94
\BOOKMARK [3][-]{subsubsection.A.3.2.2}{\376\377\000M\000i\000t\000a\000r\000b\000e\000i\000t\000e\000r\000s\000u\000c\000h\000e\000\040\000m\000i\000t\000\040\000M\000u\000l\000t\000i\000-\000F\000i\000l\000t\000e\000r}{subsection.A.3.2}% 95
\BOOKMARK [2][-]{subsection.A.3.3}{\376\377\000K\000l\000a\000s\000s\000e\000n\000d\000i\000a\000g\000r\000a\000m\000m}{section.A.3}% 96
\BOOKMARK [3][-]{subsubsection.A.3.3.1}{\376\377\000D\000o\000m\000a\000i\000n\000\040\000M\000o\000d\000e\000l}{subsection.A.3.3}% 97
\BOOKMARK [2][-]{subsection.A.3.4}{\376\377\000Z\000u\000s\000t\000a\000n\000d\000s\000d\000i\000a\000g\000r\000a\000m\000m}{section.A.3}% 98
\BOOKMARK [3][-]{subsubsection.A.3.4.1}{\376\377\000R\000o\000l\000l\000e\000n\000a\000n\000f\000r\000a\000g\000e\000-\000W\000o\000r\000k\000f\000l\000o\000w}{subsection.A.3.4}% 99
\BOOKMARK [1][-]{section.A.4}{\376\377\000Q\000u\000a\000l\000i\000t\000\344\000t\000s\000s\000i\000c\000h\000e\000r\000u\000n\000g\000\040\000\046\000\040\000C\000I\000/\000C\000D}{appendix.A}% 100
\BOOKMARK [2][-]{subsection.A.4.1}{\376\377\000C\000o\000d\000e\000-\000Q\000u\000a\000l\000i\000t\000\344\000t\000s\000m\000e\000t\000r\000i\000k\000e\000n}{section.A.4}% 101
\BOOKMARK [2][-]{subsection.A.4.2}{\376\377\000C\000I\000/\000C\000D\000\040\000u\000n\000d\000\040\000Q\000u\000a\000l\000i\000t\000y\000\040\000A\000s\000s\000u\000r\000a\000n\000c\000e}{section.A.4}% 102
\BOOKMARK [3][-]{subsubsection.A.4.2.1}{\376\377\000C\000o\000m\000m\000i\000t\000-\000H\000i\000s\000t\000o\000r\000i\000e\000\040\000u\000n\000d\000\040\000C\000o\000n\000v\000e\000n\000t\000i\000o\000n\000a\000l\000\040\000C\000o\000m\000m\000i\000t\000s}{subsection.A.4.2}% 103
\BOOKMARK [3][-]{subsubsection.A.4.2.2}{\376\377\000S\000o\000n\000a\000r\000Q\000u\000b\000e\000\040\000C\000o\000d\000e\000-\000A\000n\000a\000l\000y\000s\000e}{subsection.A.4.2}% 104
\BOOKMARK [3][-]{subsubsection.A.4.2.3}{\376\377\000J\000e\000n\000k\000i\000n\000s\000\040\000C\000I\000/\000C\000D\000\040\000P\000i\000p\000e\000l\000i\000n\000e}{subsection.A.4.2}% 105
\BOOKMARK [3][-]{subsubsection.A.4.2.4}{\376\377\000J\000e\000n\000k\000i\000n\000s\000f\000i\000l\000e\000\040\000D\000e\000k\000l\000a\000r\000a\000t\000i\000o\000n}{subsection.A.4.2}% 106
\BOOKMARK [3][-]{subsubsection.A.4.2.5}{\376\377\000L\000i\000g\000h\000t\000h\000o\000u\000s\000e\000\040\000P\000e\000r\000f\000o\000r\000m\000a\000n\000c\000e\000\040\000A\000u\000d\000i\000t}{subsection.A.4.2}% 107
\BOOKMARK [1][-]{section.A.5}{\376\377\000D\000e\000p\000l\000o\000y\000m\000e\000n\000t\000\040\000\046\000\040\000K\000o\000n\000f\000i\000g\000u\000r\000a\000t\000i\000o\000n}{appendix.A}% 108
\BOOKMARK [2][-]{subsection.A.5.1}{\376\377\000E\000R\000-\000D\000a\000t\000e\000n\000m\000o\000d\000e\000l\000l}{section.A.5}% 109
\BOOKMARK [3][-]{subsubsection.A.5.1.1}{\376\377\000D\000a\000t\000e\000n\000b\000a\000n\000k\000m\000o\000d\000e\000l\000l}{subsection.A.5.1}% 110
\BOOKMARK [2][-]{subsection.A.5.2}{\376\377\000D\000a\000t\000e\000n\000b\000a\000n\000k\000-\000M\000i\000g\000r\000a\000t\000i\000o\000n\000e\000n}{section.A.5}% 111
\BOOKMARK [3][-]{subsubsection.A.5.2.1}{\376\377\000M\000i\000g\000r\000a\000t\000i\000o\000n\000s\000-\000\334\000b\000e\000r\000s\000i\000c\000h\000t}{subsection.A.5.2}% 112
\BOOKMARK [2][-]{subsection.A.5.3}{\376\377\000K\000u\000b\000e\000r\000n\000e\000t\000e\000s\000\040\000I\000n\000g\000r\000e\000s\000s\000-\000K\000o\000n\000f\000i\000g\000u\000r\000a\000t\000i\000o\000n}{section.A.5}% 113
\BOOKMARK [1][-]{section.A.6}{\376\377\000D\000o\000k\000u\000m\000e\000n\000t\000a\000t\000i\000o\000n}{appendix.A}% 114
\BOOKMARK [2][-]{subsection.A.6.1}{\376\377\000U\000I\000-\000S\000c\000r\000e\000e\000n\000s\000h\000o\000t\000s}{section.A.6}% 115
\BOOKMARK [3][-]{subsubsection.A.6.1.1}{\376\377\000A\000u\000t\000h\000e\000n\000t\000i\000f\000i\000z\000i\000e\000r\000u\000n\000g\000\040\000u\000n\000d\000\040\000O\000n\000b\000o\000a\000r\000d\000i\000n\000g}{subsection.A.6.1}% 116
\BOOKMARK [3][-]{subsubsection.A.6.1.2}{\376\377\000D\000a\000s\000h\000b\000o\000a\000r\000d\000\040\000u\000n\000d\000\040\000H\000o\000m\000e}{subsection.A.6.1}% 117
\BOOKMARK [3][-]{subsubsection.A.6.1.3}{\376\377\000P\000r\000o\000f\000i\000l\000v\000e\000r\000w\000a\000l\000t\000u\000n\000g}{subsection.A.6.1}% 118
\BOOKMARK [3][-]{subsubsection.A.6.1.4}{\376\377\000M\000i\000t\000a\000r\000b\000e\000i\000t\000e\000r\000-\000\040\000u\000n\000d\000\040\000P\000r\000o\000j\000e\000k\000t\000s\000u\000c\000h\000e}{subsection.A.6.1}% 119
\BOOKMARK [3][-]{subsubsection.A.6.1.5}{\376\377\000A\000d\000m\000i\000n\000i\000s\000t\000r\000a\000t\000i\000o\000n\000s\000o\000b\000e\000r\000f\000l\000\344\000c\000h\000e}{subsection.A.6.1}% 120
\BOOKMARK [3][-]{subsubsection.A.6.1.6}{\376\377\000U\000I\000-\000M\000o\000c\000k\000u\000p\000\040\000\050\000P\000l\000a\000n\000u\000n\000g\000s\000p\000h\000a\000s\000e\000\051}{subsection.A.6.1}% 121
\BOOKMARK [2][-]{subsection.A.6.2}{\376\377\000U\000s\000e\000\040\000C\000a\000s\000e\000s}{section.A.6}% 122
\BOOKMARK [3][-]{subsubsection.A.6.2.1}{\376\377\000\334\000b\000e\000r\000s\000i\000c\000h\000t\000\040\000d\000e\000r\000\040\0001\0005\000\040\000i\000m\000p\000l\000e\000m\000e\000n\000t\000i\000e\000r\000t\000e\000n\000\040\000U\000s\000e\000\040\000C\000a\000s\000e\000s}{subsection.A.6.2}% 123
\BOOKMARK [2][-]{subsection.A.6.3}{\376\377\000B\000e\000n\000u\000t\000z\000e\000r\000-\000\040\000u\000n\000d\000\040\000E\000n\000t\000w\000i\000c\000k\000l\000e\000r\000d\000o\000k\000u\000m\000e\000n\000t\000a\000t\000i\000o\000n}{section.A.6}% 124
\BOOKMARK [2][-]{subsection.A.6.4}{\376\377\000A\000P\000I\000-\000D\000o\000k\000u\000m\000e\000n\000t\000a\000t\000i\000o\000n}{section.A.6}% 125
\BOOKMARK [3][-]{subsubsection.A.6.4.1}{\376\377\000V\000o\000l\000l\000s\000t\000\344\000n\000d\000i\000g\000e\000\040\000A\000P\000I\000-\000E\000n\000d\000p\000u\000n\000k\000t\000-\000\334\000b\000e\000r\000s\000i\000c\000h\000t}{subsection.A.6.4}% 126
\BOOKMARK [0][-]{appendix*.90}{\376\377\000L\000i\000t\000e\000r\000a\000t\000u\000r\000v\000e\000r\000z\000e\000i\000c\000h\000n\000i\000s}{}% 127
